// Jest Snapshot v1, https://goo.gl/fbAQLP

exports[`matches snapshot 1`] = `
<DocumentFragment>
  <div>
    Empty Task!
    <button>
      Remove Task
    </button>
  </div>
</DocumentFragment>
`;
